# Day 2 Lane D: determinism matrix (critic gap 3)

No PYTHONPATH is set by any row below; each child is spawned with env
{PATH, PYTHONHASHSEED} only. The LF-converted-package row that needs a
scratch PYTHONPATH was moved out of the discovered test suite and into
`python3 experiments/grouped-ablation/replay.py` -> evidence/lf-source-drift.log
(experiments/CAPTURE.md, 'sys.path: what is logged and what is forbidden').

## PYTHONHASHSEED rows (no -I: -I implies -E, which ignores PYTHONHASHSEED)
verified in this sandbox (Python 3.11.15):
sys.flags.hash_randomization is 0 ONLY for PYTHONHASHSEED=0; for n=1..4 it
reports 1 (CPython treats an explicit nonzero seed as 'randomization enabled,
with a fixed seed', not as disabled) while hash('pyto') is still reproducible
for a given seed across independent processes (checked below by running each
seed twice). This corrects research/ULTRACODE-WEEK.md's 'confirmed not gaps'
note ('without -E the seed takes effect (hash_randomization=0)'), which held
only for n=0 when re-verified here; the assertion this evidence backs is
digest/hash reproducibility per seed, not the flag's value for n != 0.

seed=0: hash_randomization=0 hash('pyto') first=-729556035718618375 second=-729556035718618375 reproducible=True digests_match_baseline=True
seed=1: hash_randomization=1 hash('pyto') first=-13291444081137827 second=-13291444081137827 reproducible=True digests_match_baseline=True
seed=2: hash_randomization=1 hash('pyto') first=1604489765919181924 second=1604489765919181924 reproducible=True digests_match_baseline=True
seed=3: hash_randomization=1 hash('pyto') first=3300665333823433997 second=3300665333823433997 reproducible=True digests_match_baseline=True
seed=4: hash_randomization=1 hash('pyto') first=7906683456969500245 second=7906683456969500245 reproducible=True digests_match_baseline=True

distinct hash('pyto') across the 5 seeds: 5 (equal to the number of seeds: True -- if this ever reads 1, PYTHONHASHSEED stopped taking effect and every per-seed row above would still pass)
